// Jest Snapshot v1, https://goo.gl/fbAQLP

exports[`render correctly Footer 1`] = `ShallowWrapper {}`;
