// Jest Snapshot v1, https://goo.gl/fbAQLP

exports[`render correctly Header 1`] = `ShallowWrapper {}`;
