// Jest Snapshot v1, https://goo.gl/fbAQLP

exports[`render correctly Content 1`] = `ShallowWrapper {}`;
