// Jest Snapshot v1, https://goo.gl/fbAQLP

exports[`render correctly App 1`] = `ShallowWrapper {}`;
