// Jest Snapshot v1, https://goo.gl/fbAQLP

exports[`render correctly FooterComponent 1`] = `ShallowWrapper {}`;
