// Jest Snapshot v1, https://goo.gl/fbAQLP

exports[`render correctly ContentComponent 1`] = `ShallowWrapper {}`;
